Analysis & Synthesis report for de10_lite_fpga1_wrapper
Fri Mar 20 12:36:14 2026
Quartus Prime Version 25.1std.0 Build 1129 10/21/2025 SC Standard Edition


---------------------
; Table of Contents ;
---------------------
  1. Legal Notice
  2. Analysis & Synthesis Summary
  3. Analysis & Synthesis Settings
  4. Parallel Compilation
  5. Analysis & Synthesis Source Files Read
  6. Analysis & Synthesis Resource Usage Summary
  7. Analysis & Synthesis Resource Utilization by Entity
  8. State Machine - |de10_lite_fpga1_wrapper|fpga1_top:u_core|tx_state
  9. State Machine - |de10_lite_fpga1_wrapper|fpga1_top:u_core|uart_tx:u_uart_tx|state
 10. Registers Removed During Synthesis
 11. General Register Statistics
 12. Inverted Register Statistics
 13. Multiplexer Restructuring Statistics (Restructuring Performed)
 14. Parameter Settings for User Entity Instance: Top-level Entity: |de10_lite_fpga1_wrapper
 15. Parameter Settings for User Entity Instance: reset_sync:u_reset_sync
 16. Parameter Settings for User Entity Instance: fpga1_top:u_core
 17. Parameter Settings for User Entity Instance: fpga1_top:u_core|fake_sensor_gen:u_fake_sensor_gen
 18. Parameter Settings for User Entity Instance: fpga1_top:u_core|uart_tx:u_uart_tx
 19. Port Connectivity Checks: "fpga1_top:u_core|frame_builder:u_frame_builder"
 20. Post-Synthesis Netlist Statistics for Top Partition
 21. Elapsed Time Per Partition
 22. Analysis & Synthesis Messages



----------------
; Legal Notice ;
----------------
Copyright (C) 2025  Altera Corporation. All rights reserved.
Your use of Altera Corporation's design tools, logic functions 
and other software and tools, and any partner logic 
functions, and any output files from any of the foregoing 
(including device programming or simulation files), and any 
associated documentation or information are expressly subject 
to the terms and conditions of the Altera Program License 
Subscription Agreement, the Altera Quartus Prime License Agreement,
the Altera IP License Agreement, or other applicable license
agreement, including, without limitation, that your use is for
the sole purpose of programming logic devices manufactured by
Altera and sold by Altera or its authorized distributors.  Please
refer to the Altera Software License Subscription Agreements 
on the Quartus Prime software download page.



+------------------------------------------------------------------------------------------+
; Analysis & Synthesis Summary                                                             ;
+------------------------------------+-----------------------------------------------------+
; Analysis & Synthesis Status        ; Successful - Fri Mar 20 12:36:14 2026               ;
; Quartus Prime Version              ; 25.1std.0 Build 1129 10/21/2025 SC Standard Edition ;
; Revision Name                      ; de10_lite_fpga1_wrapper                             ;
; Top-level Entity Name              ; de10_lite_fpga1_wrapper                             ;
; Family                             ; MAX 10                                              ;
; Total logic elements               ; 300                                                 ;
;     Total combinational functions  ; 298                                                 ;
;     Dedicated logic registers      ; 140                                                 ;
; Total registers                    ; 140                                                 ;
; Total pins                         ; 4                                                   ;
; Total virtual pins                 ; 0                                                   ;
; Total memory bits                  ; 0                                                   ;
; Embedded Multiplier 9-bit elements ; 0                                                   ;
; Total PLLs                         ; 0                                                   ;
; UFM blocks                         ; 0                                                   ;
; ADC blocks                         ; 0                                                   ;
+------------------------------------+-----------------------------------------------------+


+----------------------------------------------------------------------------------------------------------------------+
; Analysis & Synthesis Settings                                                                                        ;
+------------------------------------------------------------------+-------------------------+-------------------------+
; Option                                                           ; Setting                 ; Default Value           ;
+------------------------------------------------------------------+-------------------------+-------------------------+
; Device                                                           ; 10M50DAF484C7G          ;                         ;
; Top-level entity name                                            ; de10_lite_fpga1_wrapper ; de10_lite_fpga1_wrapper ;
; Family name                                                      ; MAX 10                  ; Cyclone V               ;
; VHDL Version                                                     ; VHDL_2008               ; VHDL_1993               ;
; Use smart compilation                                            ; Off                     ; Off                     ;
; Enable parallel Assembler and Timing Analyzer during compilation ; On                      ; On                      ;
; Enable compact report table                                      ; Off                     ; Off                     ;
; Restructure Multiplexers                                         ; Auto                    ; Auto                    ;
; Create Debugging Nodes for IP Cores                              ; Off                     ; Off                     ;
; Preserve fewer node names                                        ; On                      ; On                      ;
; Intel FPGA IP Evaluation Mode                                    ; Enable                  ; Enable                  ;
; Verilog Version                                                  ; Verilog_2001            ; Verilog_2001            ;
; State Machine Processing                                         ; Auto                    ; Auto                    ;
; Safe State Machine                                               ; Off                     ; Off                     ;
; Extract Verilog State Machines                                   ; On                      ; On                      ;
; Extract VHDL State Machines                                      ; On                      ; On                      ;
; Ignore Verilog initial constructs                                ; Off                     ; Off                     ;
; Iteration limit for constant Verilog loops                       ; 5000                    ; 5000                    ;
; Iteration limit for non-constant Verilog loops                   ; 250                     ; 250                     ;
; Add Pass-Through Logic to Inferred RAMs                          ; On                      ; On                      ;
; Infer RAMs from Raw Logic                                        ; On                      ; On                      ;
; Parallel Synthesis                                               ; On                      ; On                      ;
; DSP Block Balancing                                              ; Auto                    ; Auto                    ;
; NOT Gate Push-Back                                               ; On                      ; On                      ;
; Power-Up Don't Care                                              ; On                      ; On                      ;
; Remove Redundant Logic Cells                                     ; Off                     ; Off                     ;
; Remove Duplicate Registers                                       ; On                      ; On                      ;
; Ignore CARRY Buffers                                             ; Off                     ; Off                     ;
; Ignore CASCADE Buffers                                           ; Off                     ; Off                     ;
; Ignore GLOBAL Buffers                                            ; Off                     ; Off                     ;
; Ignore ROW GLOBAL Buffers                                        ; Off                     ; Off                     ;
; Ignore LCELL Buffers                                             ; Off                     ; Off                     ;
; Ignore SOFT Buffers                                              ; On                      ; On                      ;
; Limit AHDL Integers to 32 Bits                                   ; Off                     ; Off                     ;
; Optimization Technique                                           ; Balanced                ; Balanced                ;
; Carry Chain Length                                               ; 70                      ; 70                      ;
; Auto Carry Chains                                                ; On                      ; On                      ;
; Auto Open-Drain Pins                                             ; On                      ; On                      ;
; Perform WYSIWYG Primitive Resynthesis                            ; Off                     ; Off                     ;
; Auto ROM Replacement                                             ; On                      ; On                      ;
; Auto RAM Replacement                                             ; On                      ; On                      ;
; Auto DSP Block Replacement                                       ; On                      ; On                      ;
; Auto Shift Register Replacement                                  ; Auto                    ; Auto                    ;
; Allow Shift Register Merging across Hierarchies                  ; Auto                    ; Auto                    ;
; Auto Clock Enable Replacement                                    ; On                      ; On                      ;
; Strict RAM Replacement                                           ; Off                     ; Off                     ;
; Allow Synchronous Control Signals                                ; On                      ; On                      ;
; Force Use of Synchronous Clear Signals                           ; Off                     ; Off                     ;
; Auto RAM Block Balancing                                         ; On                      ; On                      ;
; Auto RAM to Logic Cell Conversion                                ; Off                     ; Off                     ;
; Auto Resource Sharing                                            ; Off                     ; Off                     ;
; Allow Any RAM Size For Recognition                               ; Off                     ; Off                     ;
; Allow Any ROM Size For Recognition                               ; Off                     ; Off                     ;
; Allow Any Shift Register Size For Recognition                    ; Off                     ; Off                     ;
; Use LogicLock Constraints during Resource Balancing              ; On                      ; On                      ;
; Ignore translate_off and synthesis_off directives                ; Off                     ; Off                     ;
; Timing-Driven Synthesis                                          ; On                      ; On                      ;
; Report Parameter Settings                                        ; On                      ; On                      ;
; Report Source Assignments                                        ; On                      ; On                      ;
; Report Connectivity Checks                                       ; On                      ; On                      ;
; Ignore Maximum Fan-Out Assignments                               ; Off                     ; Off                     ;
; Synchronization Register Chain Length                            ; 2                       ; 2                       ;
; Power Optimization During Synthesis                              ; Normal compilation      ; Normal compilation      ;
; HDL message level                                                ; Level2                  ; Level2                  ;
; Suppress Register Optimization Related Messages                  ; Off                     ; Off                     ;
; Number of Removed Registers Reported in Synthesis Report         ; 5000                    ; 5000                    ;
; Number of Swept Nodes Reported in Synthesis Report               ; 5000                    ; 5000                    ;
; Number of Inverted Registers Reported in Synthesis Report        ; 100                     ; 100                     ;
; Clock MUX Protection                                             ; On                      ; On                      ;
; Auto Gated Clock Conversion                                      ; Off                     ; Off                     ;
; Block Design Naming                                              ; Auto                    ; Auto                    ;
; SDC constraint protection                                        ; Off                     ; Off                     ;
; Synthesis Effort                                                 ; Auto                    ; Auto                    ;
; Shift Register Replacement - Allow Asynchronous Clear Signal     ; On                      ; On                      ;
; Pre-Mapping Resynthesis Optimization                             ; Off                     ; Off                     ;
; Analysis & Synthesis Message Level                               ; Medium                  ; Medium                  ;
; Disable Register Merging Across Hierarchies                      ; Auto                    ; Auto                    ;
; Resource Aware Inference For Block RAM                           ; On                      ; On                      ;
+------------------------------------------------------------------+-------------------------+-------------------------+


+------------------------------------------+
; Parallel Compilation                     ;
+----------------------------+-------------+
; Processors                 ; Number      ;
+----------------------------+-------------+
; Number detected on machine ; 12          ;
; Maximum allowed            ; 10          ;
;                            ;             ;
; Average used               ; 1.00        ;
; Maximum used               ; 10          ;
;                            ;             ;
; Usage by Processor         ; % Time Used ;
;     Processor 1            ; 100.0%      ;
;     Processors 2-10        ;   0.0%      ;
+----------------------------+-------------+


+-----------------------------------------------------------------------------------------------------------------------------------------------------------------------------------------------------+
; Analysis & Synthesis Source Files Read                                                                                                                                                              ;
+---------------------------------------------------------+-----------------+-----------------+---------------------------------------------------------------------------------------------+---------+
; File Name with User-Entered Path                        ; Used in Netlist ; File Type       ; File Name with Absolute Path                                                                ; Library ;
+---------------------------------------------------------+-----------------+-----------------+---------------------------------------------------------------------------------------------+---------+
; ../../shared/rtl/dual_fpga_system_pkg.vhd               ; yes             ; User VHDL File  ; F:/Sources/FPGA_CEM/fpga-dual-system/shared/rtl/dual_fpga_system_pkg.vhd                    ;         ;
; ../../board/de10_lite/common/reset_sync.vhd             ; yes             ; User VHDL File  ; F:/Sources/FPGA_CEM/fpga-dual-system/board/de10_lite/common/reset_sync.vhd                  ;         ;
; ../src/pkg/fpga1_pkg.vhd                                ; yes             ; User VHDL File  ; F:/Sources/FPGA_CEM/fpga-dual-system/fpga1_acquisition/src/pkg/fpga1_pkg.vhd                ;         ;
; ../src/processing/fake_sensor_gen.vhd                   ; yes             ; User VHDL File  ; F:/Sources/FPGA_CEM/fpga-dual-system/fpga1_acquisition/src/processing/fake_sensor_gen.vhd   ;         ;
; ../src/processing/sample_normalizer.vhd                 ; yes             ; User VHDL File  ; F:/Sources/FPGA_CEM/fpga-dual-system/fpga1_acquisition/src/processing/sample_normalizer.vhd ;         ;
; ../src/processing/sample_validator.vhd                  ; yes             ; User VHDL File  ; F:/Sources/FPGA_CEM/fpga-dual-system/fpga1_acquisition/src/processing/sample_validator.vhd  ;         ;
; ../src/processing/sample_classifier.vhd                 ; yes             ; User VHDL File  ; F:/Sources/FPGA_CEM/fpga-dual-system/fpga1_acquisition/src/processing/sample_classifier.vhd ;         ;
; ../src/link_tx/frame_builder.vhd                        ; yes             ; User VHDL File  ; F:/Sources/FPGA_CEM/fpga-dual-system/fpga1_acquisition/src/link_tx/frame_builder.vhd        ;         ;
; ../src/link_tx/uart_tx.vhd                              ; yes             ; User VHDL File  ; F:/Sources/FPGA_CEM/fpga-dual-system/fpga1_acquisition/src/link_tx/uart_tx.vhd              ;         ;
; ../src/top/fpga1_top.vhd                                ; yes             ; User VHDL File  ; F:/Sources/FPGA_CEM/fpga-dual-system/fpga1_acquisition/src/top/fpga1_top.vhd                ;         ;
; ../../board/de10_lite/fpga1/de10_lite_fpga1_wrapper.vhd ; yes             ; User VHDL File  ; F:/Sources/FPGA_CEM/fpga-dual-system/board/de10_lite/fpga1/de10_lite_fpga1_wrapper.vhd      ;         ;
+---------------------------------------------------------+-----------------+-----------------+---------------------------------------------------------------------------------------------+---------+


+----------------------------------------------------------------+
; Analysis & Synthesis Resource Usage Summary                    ;
+---------------------------------------------+------------------+
; Resource                                    ; Usage            ;
+---------------------------------------------+------------------+
; Estimated Total logic elements              ; 300              ;
;                                             ;                  ;
; Total combinational functions               ; 298              ;
; Logic element usage by number of LUT inputs ;                  ;
;     -- 4 input functions                    ; 113              ;
;     -- 3 input functions                    ; 53               ;
;     -- <=2 input functions                  ; 132              ;
;                                             ;                  ;
; Logic elements by mode                      ;                  ;
;     -- normal mode                          ; 239              ;
;     -- arithmetic mode                      ; 59               ;
;                                             ;                  ;
; Total registers                             ; 140              ;
;     -- Dedicated logic registers            ; 140              ;
;     -- I/O registers                        ; 0                ;
;                                             ;                  ;
; I/O pins                                    ; 4                ;
;                                             ;                  ;
; Embedded Multiplier 9-bit elements          ; 0                ;
;                                             ;                  ;
; Maximum fan-out node                        ; clock_50_i~input ;
; Maximum fan-out                             ; 140              ;
; Total fan-out                               ; 1294             ;
; Average fan-out                             ; 2.90             ;
+---------------------------------------------+------------------+


+-------------------------------------------------------------------------------------------------------------------------------------------------------------------------------------------------------------------------------------------------------------------------------------------------------------------------------+
; Analysis & Synthesis Resource Utilization by Entity                                                                                                                                                                                                                                                                           ;
+-----------------------------------------------+---------------------+---------------------------+-------------+------------+--------------+---------+-----------+------+--------------+------------+---------------------------------------------------------------------------------+-------------------------+--------------+
; Compilation Hierarchy Node                    ; Combinational ALUTs ; Dedicated Logic Registers ; Memory Bits ; UFM Blocks ; DSP Elements ; DSP 9x9 ; DSP 18x18 ; Pins ; Virtual Pins ; ADC blocks ; Full Hierarchy Name                                                             ; Entity Name             ; Library Name ;
+-----------------------------------------------+---------------------+---------------------------+-------------+------------+--------------+---------+-----------+------+--------------+------------+---------------------------------------------------------------------------------+-------------------------+--------------+
; |de10_lite_fpga1_wrapper                      ; 298 (0)             ; 140 (0)                   ; 0           ; 0          ; 0            ; 0       ; 0         ; 4    ; 0            ; 0          ; |de10_lite_fpga1_wrapper                                                        ; de10_lite_fpga1_wrapper ; work         ;
;    |fpga1_top:u_core|                         ; 297 (52)            ; 138 (34)                  ; 0           ; 0          ; 0            ; 0       ; 0         ; 0    ; 0            ; 0          ; |de10_lite_fpga1_wrapper|fpga1_top:u_core                                       ; fpga1_top               ; work         ;
;       |fake_sensor_gen:u_fake_sensor_gen|     ; 91 (91)             ; 37 (37)                   ; 0           ; 0          ; 0            ; 0       ; 0         ; 0    ; 0            ; 0          ; |de10_lite_fpga1_wrapper|fpga1_top:u_core|fake_sensor_gen:u_fake_sensor_gen     ; fake_sensor_gen         ; work         ;
;       |frame_builder:u_frame_builder|         ; 79 (79)             ; 41 (41)                   ; 0           ; 0          ; 0            ; 0       ; 0         ; 0    ; 0            ; 0          ; |de10_lite_fpga1_wrapper|fpga1_top:u_core|frame_builder:u_frame_builder         ; frame_builder           ; work         ;
;       |sample_classifier:u_sample_classifier| ; 5 (5)               ; 0 (0)                     ; 0           ; 0          ; 0            ; 0       ; 0         ; 0    ; 0            ; 0          ; |de10_lite_fpga1_wrapper|fpga1_top:u_core|sample_classifier:u_sample_classifier ; sample_classifier       ; work         ;
;       |sample_validator:u_sample_validator|   ; 8 (8)               ; 0 (0)                     ; 0           ; 0          ; 0            ; 0       ; 0         ; 0    ; 0            ; 0          ; |de10_lite_fpga1_wrapper|fpga1_top:u_core|sample_validator:u_sample_validator   ; sample_validator        ; work         ;
;       |uart_tx:u_uart_tx|                     ; 62 (62)             ; 26 (26)                   ; 0           ; 0          ; 0            ; 0       ; 0         ; 0    ; 0            ; 0          ; |de10_lite_fpga1_wrapper|fpga1_top:u_core|uart_tx:u_uart_tx                     ; uart_tx                 ; work         ;
;    |reset_sync:u_reset_sync|                  ; 1 (1)               ; 2 (2)                     ; 0           ; 0          ; 0            ; 0       ; 0         ; 0    ; 0            ; 0          ; |de10_lite_fpga1_wrapper|reset_sync:u_reset_sync                                ; reset_sync              ; work         ;
+-----------------------------------------------+---------------------+---------------------------+-------------+------------+--------------+---------+-----------+------+--------------+------------+---------------------------------------------------------------------------------+-------------------------+--------------+
Note: For table entries with two numbers listed, the numbers in parentheses indicate the number of resources of the given type used by the specific entity alone. The numbers listed outside of parentheses indicate the total resources of the given type used by the specific entity and all of its sub-entities in the hierarchy.


Encoding Type:  One-Hot
+--------------------------------------------------------------------------------------------------------------------------------------------------------------------------------------------+
; State Machine - |de10_lite_fpga1_wrapper|fpga1_top:u_core|tx_state                                                                                                                         ;
+------------------------------+----------------------------+----------------------------+------------------------+------------------------------+------------------------+------------------+
; Name                         ; tx_state.ST_WAIT_UART_DONE ; tx_state.ST_WAIT_UART_BUSY ; tx_state.ST_START_BYTE ; tx_state.ST_WAIT_FRAME_READY ; tx_state.ST_LOAD_FRAME ; tx_state.ST_IDLE ;
+------------------------------+----------------------------+----------------------------+------------------------+------------------------------+------------------------+------------------+
; tx_state.ST_IDLE             ; 0                          ; 0                          ; 0                      ; 0                            ; 0                      ; 0                ;
; tx_state.ST_LOAD_FRAME       ; 0                          ; 0                          ; 0                      ; 0                            ; 1                      ; 1                ;
; tx_state.ST_WAIT_FRAME_READY ; 0                          ; 0                          ; 0                      ; 1                            ; 0                      ; 1                ;
; tx_state.ST_START_BYTE       ; 0                          ; 0                          ; 1                      ; 0                            ; 0                      ; 1                ;
; tx_state.ST_WAIT_UART_BUSY   ; 0                          ; 1                          ; 0                      ; 0                            ; 0                      ; 1                ;
; tx_state.ST_WAIT_UART_DONE   ; 1                          ; 0                          ; 0                      ; 0                            ; 0                      ; 1                ;
+------------------------------+----------------------------+----------------------------+------------------------+------------------------------+------------------------+------------------+


Encoding Type:  One-Hot
+-----------------------------------------------------------------------------------+
; State Machine - |de10_lite_fpga1_wrapper|fpga1_top:u_core|uart_tx:u_uart_tx|state ;
+----------------+---------------+---------------+----------------+-----------------+
; Name           ; state.ST_STOP ; state.ST_DATA ; state.ST_START ; state.ST_IDLE   ;
+----------------+---------------+---------------+----------------+-----------------+
; state.ST_IDLE  ; 0             ; 0             ; 0              ; 0               ;
; state.ST_START ; 0             ; 0             ; 1              ; 1               ;
; state.ST_DATA  ; 0             ; 1             ; 0              ; 1               ;
; state.ST_STOP  ; 1             ; 0             ; 0              ; 1               ;
+----------------+---------------+---------------+----------------+-----------------+


+-------------------------------------------------------------------------------------------------------------------------------------------------+
; Registers Removed During Synthesis                                                                                                              ;
+------------------------------------------------------------------+------------------------------------------------------------------------------+
; Register name                                                    ; Reason for Removal                                                           ;
+------------------------------------------------------------------+------------------------------------------------------------------------------+
; fpga1_top:u_core|frame_builder:u_frame_builder|frame_bytes[3][7] ; Merged with fpga1_top:u_core|frame_builder:u_frame_builder|frame_bytes[5][7] ;
; fpga1_top:u_core|frame_builder:u_frame_builder|frame_bytes[1][7] ; Merged with fpga1_top:u_core|frame_builder:u_frame_builder|frame_bytes[5][7] ;
; fpga1_top:u_core|frame_builder:u_frame_builder|frame_bytes[5][5] ; Merged with fpga1_top:u_core|frame_builder:u_frame_builder|frame_bytes[5][7] ;
; fpga1_top:u_core|frame_builder:u_frame_builder|frame_bytes[1][3] ; Merged with fpga1_top:u_core|frame_builder:u_frame_builder|frame_bytes[5][7] ;
; fpga1_top:u_core|frame_builder:u_frame_builder|frame_bytes[0][3] ; Merged with fpga1_top:u_core|frame_builder:u_frame_builder|frame_bytes[5][7] ;
; fpga1_top:u_core|frame_builder:u_frame_builder|frame_bytes[7][5] ; Merged with fpga1_top:u_core|frame_builder:u_frame_builder|frame_bytes[5][7] ;
; fpga1_top:u_core|frame_builder:u_frame_builder|frame_bytes[3][5] ; Merged with fpga1_top:u_core|frame_builder:u_frame_builder|frame_bytes[5][7] ;
; fpga1_top:u_core|frame_builder:u_frame_builder|frame_bytes[5][3] ; Merged with fpga1_top:u_core|frame_builder:u_frame_builder|frame_bytes[5][7] ;
; fpga1_top:u_core|frame_builder:u_frame_builder|frame_bytes[1][1] ; Merged with fpga1_top:u_core|frame_builder:u_frame_builder|frame_bytes[5][7] ;
; fpga1_top:u_core|frame_builder:u_frame_builder|frame_bytes[1][5] ; Merged with fpga1_top:u_core|frame_builder:u_frame_builder|frame_bytes[5][7] ;
; fpga1_top:u_core|frame_builder:u_frame_builder|frame_bytes[0][1] ; Merged with fpga1_top:u_core|frame_builder:u_frame_builder|frame_bytes[5][7] ;
; fpga1_top:u_core|frame_builder:u_frame_builder|frame_bytes[7][7] ; Merged with fpga1_top:u_core|frame_builder:u_frame_builder|frame_bytes[5][7] ;
; fpga1_top:u_core|frame_builder:u_frame_builder|frame_bytes[7][0] ; Merged with fpga1_top:u_core|frame_builder:u_frame_builder|frame_bytes[5][7] ;
; fpga1_top:u_core|frame_builder:u_frame_builder|frame_bytes[3][4] ; Merged with fpga1_top:u_core|frame_builder:u_frame_builder|frame_bytes[5][7] ;
; fpga1_top:u_core|frame_builder:u_frame_builder|frame_bytes[5][6] ; Merged with fpga1_top:u_core|frame_builder:u_frame_builder|frame_bytes[5][7] ;
; fpga1_top:u_core|frame_builder:u_frame_builder|frame_bytes[3][6] ; Merged with fpga1_top:u_core|frame_builder:u_frame_builder|frame_bytes[5][7] ;
; fpga1_top:u_core|frame_builder:u_frame_builder|frame_bytes[5][4] ; Merged with fpga1_top:u_core|frame_builder:u_frame_builder|frame_bytes[5][7] ;
; fpga1_top:u_core|frame_builder:u_frame_builder|frame_bytes[1][2] ; Merged with fpga1_top:u_core|frame_builder:u_frame_builder|frame_bytes[5][7] ;
; fpga1_top:u_core|frame_builder:u_frame_builder|frame_bytes[1][6] ; Merged with fpga1_top:u_core|frame_builder:u_frame_builder|frame_bytes[5][7] ;
; fpga1_top:u_core|frame_builder:u_frame_builder|frame_bytes[0][4] ; Merged with fpga1_top:u_core|frame_builder:u_frame_builder|frame_bytes[5][7] ;
; fpga1_top:u_core|frame_builder:u_frame_builder|frame_bytes[0][6] ; Merged with fpga1_top:u_core|frame_builder:u_frame_builder|frame_bytes[5][7] ;
; fpga1_top:u_core|frame_builder:u_frame_builder|frame_bytes[7][2] ; Merged with fpga1_top:u_core|frame_builder:u_frame_builder|frame_bytes[5][7] ;
; fpga1_top:u_core|frame_builder:u_frame_builder|frame_bytes[0][7] ; Merged with fpga1_top:u_core|frame_builder:u_frame_builder|frame_bytes[7][6] ;
; fpga1_top:u_core|frame_builder:u_frame_builder|frame_bytes[7][1] ; Merged with fpga1_top:u_core|frame_builder:u_frame_builder|frame_bytes[7][6] ;
; fpga1_top:u_core|frame_builder:u_frame_builder|frame_bytes[0][5] ; Merged with fpga1_top:u_core|frame_builder:u_frame_builder|frame_bytes[7][6] ;
; fpga1_top:u_core|frame_builder:u_frame_builder|frame_bytes[7][3] ; Merged with fpga1_top:u_core|frame_builder:u_frame_builder|frame_bytes[7][6] ;
; fpga1_top:u_core|frame_builder:u_frame_builder|frame_bytes[1][0] ; Merged with fpga1_top:u_core|frame_builder:u_frame_builder|frame_bytes[7][6] ;
; fpga1_top:u_core|frame_builder:u_frame_builder|frame_bytes[1][4] ; Merged with fpga1_top:u_core|frame_builder:u_frame_builder|frame_bytes[7][6] ;
; fpga1_top:u_core|frame_builder:u_frame_builder|frame_bytes[0][0] ; Merged with fpga1_top:u_core|frame_builder:u_frame_builder|frame_bytes[7][6] ;
; fpga1_top:u_core|frame_builder:u_frame_builder|frame_bytes[0][2] ; Merged with fpga1_top:u_core|frame_builder:u_frame_builder|frame_bytes[7][6] ;
; fpga1_top:u_core|frame_builder:u_frame_builder|frame_bytes[7][4] ; Merged with fpga1_top:u_core|frame_builder:u_frame_builder|frame_bytes[7][6] ;
; fpga1_top:u_core|frame_builder:u_frame_builder|frame_bytes[5][7] ; Stuck at GND due to stuck port data_in                                       ;
; Total Number of Removed Registers = 32                           ;                                                                              ;
+------------------------------------------------------------------+------------------------------------------------------------------------------+


+------------------------------------------------------+
; General Register Statistics                          ;
+----------------------------------------------+-------+
; Statistic                                    ; Value ;
+----------------------------------------------+-------+
; Total registers                              ; 140   ;
; Number of registers using Synchronous Clear  ; 60    ;
; Number of registers using Synchronous Load   ; 0     ;
; Number of registers using Asynchronous Clear ; 0     ;
; Number of registers using Asynchronous Load  ; 0     ;
; Number of registers using Clock Enable       ; 78    ;
; Number of registers using Preset             ; 0     ;
+----------------------------------------------+-------+


+---------------------------------------------------------------------------------+
; Inverted Register Statistics                                                    ;
+-----------------------------------------------------------------------+---------+
; Inverted Register                                                     ; Fan out ;
+-----------------------------------------------------------------------+---------+
; fpga1_top:u_core|latched_sensor_state[0]                              ; 5       ;
; fpga1_top:u_core|latched_sensor_state[1]                              ; 5       ;
; fpga1_top:u_core|uart_tx:u_uart_tx|tx_reg                             ; 2       ;
; fpga1_top:u_core|fake_sensor_gen:u_fake_sensor_gen|sample_counter[10] ; 9       ;
; fpga1_top:u_core|fake_sensor_gen:u_fake_sensor_gen|sample_counter[7]  ; 10      ;
; fpga1_top:u_core|fake_sensor_gen:u_fake_sensor_gen|sample_counter[4]  ; 8       ;
; fpga1_top:u_core|fake_sensor_gen:u_fake_sensor_gen|sample_counter[5]  ; 8       ;
; reset_sync:u_reset_sync|reset_pipe[0]                                 ; 110     ;
; fpga1_top:u_core|fake_sensor_gen:u_fake_sensor_gen|ramp_up_reg        ; 18      ;
; reset_sync:u_reset_sync|reset_pipe[1]                                 ; 1       ;
; Total number of inverted registers = 10                               ;         ;
+-----------------------------------------------------------------------+---------+


+-------------------------------------------------------------------------------------------------------------------------------------------------------------------------------------------------------------+
; Multiplexer Restructuring Statistics (Restructuring Performed)                                                                                                                                              ;
+--------------------+-----------+---------------+----------------------+------------------------+------------+-----------------------------------------------------------------------------------------------+
; Multiplexer Inputs ; Bus Width ; Baseline Area ; Area if Restructured ; Saving if Restructured ; Registered ; Example Multiplexer Output                                                                    ;
+--------------------+-----------+---------------+----------------------+------------------------+------------+-----------------------------------------------------------------------------------------------+
; 3:1                ; 13 bits   ; 26 LEs        ; 13 LEs               ; 13 LEs                 ; Yes        ; |de10_lite_fpga1_wrapper|fpga1_top:u_core|latched_sample[11]                                  ;
; 3:1                ; 23 bits   ; 46 LEs        ; 23 LEs               ; 23 LEs                 ; Yes        ; |de10_lite_fpga1_wrapper|fpga1_top:u_core|fake_sensor_gen:u_fake_sensor_gen|divider_count[20] ;
; 3:1                ; 29 bits   ; 58 LEs        ; 29 LEs               ; 29 LEs                 ; Yes        ; |de10_lite_fpga1_wrapper|fpga1_top:u_core|frame_builder:u_frame_builder|frame_bytes[4][7]     ;
; 3:1                ; 8 bits    ; 16 LEs        ; 8 LEs                ; 8 LEs                  ; Yes        ; |de10_lite_fpga1_wrapper|fpga1_top:u_core|uart_tx:u_uart_tx|shift_reg[5]                      ;
; 6:1                ; 8 bits    ; 32 LEs        ; 16 LEs               ; 16 LEs                 ; Yes        ; |de10_lite_fpga1_wrapper|fpga1_top:u_core|fake_sensor_gen:u_fake_sensor_gen|sample_counter[3] ;
; 8:1                ; 2 bits    ; 10 LEs        ; 6 LEs                ; 4 LEs                  ; Yes        ; |de10_lite_fpga1_wrapper|fpga1_top:u_core|uart_data[7]                                        ;
; 7:1                ; 3 bits    ; 12 LEs        ; 3 LEs                ; 9 LEs                  ; Yes        ; |de10_lite_fpga1_wrapper|fpga1_top:u_core|uart_tx:u_uart_tx|bit_index[2]                      ;
; 6:1                ; 4 bits    ; 16 LEs        ; 12 LEs               ; 4 LEs                  ; Yes        ; |de10_lite_fpga1_wrapper|fpga1_top:u_core|fake_sensor_gen:u_fake_sensor_gen|sample_counter[4] ;
; 7:1                ; 2 bits    ; 8 LEs         ; 6 LEs                ; 2 LEs                  ; No         ; |de10_lite_fpga1_wrapper|fpga1_top:u_core|uart_tx:u_uart_tx|state                             ;
; 9:1                ; 2 bits    ; 12 LEs        ; 6 LEs                ; 6 LEs                  ; No         ; |de10_lite_fpga1_wrapper|fpga1_top:u_core|uart_tx:u_uart_tx|state                             ;
; 10:1               ; 3 bits    ; 18 LEs        ; 12 LEs               ; 6 LEs                  ; No         ; |de10_lite_fpga1_wrapper|fpga1_top:u_core|tx_state                                            ;
; 12:1               ; 2 bits    ; 16 LEs        ; 6 LEs                ; 10 LEs                 ; No         ; |de10_lite_fpga1_wrapper|fpga1_top:u_core|tx_state                                            ;
+--------------------+-----------+---------------+----------------------+------------------------+------------+-----------------------------------------------------------------------------------------------+


+-----------------------------------------------------------------------------------------+
; Parameter Settings for User Entity Instance: Top-level Entity: |de10_lite_fpga1_wrapper ;
+-------------------------+----------+----------------------------------------------------+
; Parameter Name          ; Value    ; Type                                               ;
+-------------------------+----------+----------------------------------------------------+
; G_CLOCK_FREQ_HZ         ; 50000000 ; Signed Integer                                     ;
; G_BAUD_RATE             ; 115200   ; Signed Integer                                     ;
; G_SENSOR_UPDATE_DIVIDER ; 5000000  ; Signed Integer                                     ;
; G_SENSOR_STEP           ; 17       ; Signed Integer                                     ;
; G_SOURCE_IS_ADC         ; '0'      ; Enumerated                                         ;
; G_RESET_ACTIVE_LEVEL    ; '0'      ; Enumerated                                         ;
+-------------------------+----------+----------------------------------------------------+
Note: In order to hide this table in the UI and the text report file, please set the "Show Parameter Settings in Synthesis Report" option in "Analysis and Synthesis Settings -> More Settings" to "Off".


+----------------------------------------------------------------------+
; Parameter Settings for User Entity Instance: reset_sync:u_reset_sync ;
+----------------------+-------+---------------------------------------+
; Parameter Name       ; Value ; Type                                  ;
+----------------------+-------+---------------------------------------+
; g_stages             ; 2     ; Signed Integer                        ;
; g_input_active_level ; '0'   ; Enumerated                            ;
+----------------------+-------+---------------------------------------+
Note: In order to hide this table in the UI and the text report file, please set the "Show Parameter Settings in Synthesis Report" option in "Analysis and Synthesis Settings -> More Settings" to "Off".


+---------------------------------------------------------------+
; Parameter Settings for User Entity Instance: fpga1_top:u_core ;
+-------------------------+----------+--------------------------+
; Parameter Name          ; Value    ; Type                     ;
+-------------------------+----------+--------------------------+
; g_clock_freq_hz         ; 50000000 ; Signed Integer           ;
; g_baud_rate             ; 115200   ; Signed Integer           ;
; g_sensor_update_divider ; 5000000  ; Signed Integer           ;
; g_sensor_step           ; 17       ; Signed Integer           ;
; g_source_is_adc         ; '0'      ; Enumerated               ;
+-------------------------+----------+--------------------------+
Note: In order to hide this table in the UI and the text report file, please set the "Show Parameter Settings in Synthesis Report" option in "Analysis and Synthesis Settings -> More Settings" to "Off".


+-------------------------------------------------------------------------------------------------+
; Parameter Settings for User Entity Instance: fpga1_top:u_core|fake_sensor_gen:u_fake_sensor_gen ;
+------------------+---------+--------------------------------------------------------------------+
; Parameter Name   ; Value   ; Type                                                               ;
+------------------+---------+--------------------------------------------------------------------+
; g_update_divider ; 5000000 ; Signed Integer                                                     ;
; g_step           ; 17      ; Signed Integer                                                     ;
+------------------+---------+--------------------------------------------------------------------+
Note: In order to hide this table in the UI and the text report file, please set the "Show Parameter Settings in Synthesis Report" option in "Analysis and Synthesis Settings -> More Settings" to "Off".


+---------------------------------------------------------------------------------+
; Parameter Settings for User Entity Instance: fpga1_top:u_core|uart_tx:u_uart_tx ;
+-----------------+----------+----------------------------------------------------+
; Parameter Name  ; Value    ; Type                                               ;
+-----------------+----------+----------------------------------------------------+
; g_clock_freq_hz ; 50000000 ; Signed Integer                                     ;
; g_baud_rate     ; 115200   ; Signed Integer                                     ;
+-----------------+----------+----------------------------------------------------+
Note: In order to hide this table in the UI and the text report file, please set the "Show Parameter Settings in Synthesis Report" option in "Analysis and Synthesis Settings -> More Settings" to "Off".


+----------------------------------------------------------------------------+
; Port Connectivity Checks: "fpga1_top:u_core|frame_builder:u_frame_builder" ;
+---------------+-------+----------+-----------------------------------------+
; Port          ; Type  ; Severity ; Details                                 ;
+---------------+-------+----------+-----------------------------------------+
; source_is_adc ; Input ; Info     ; Stuck at GND                            ;
+---------------+-------+----------+-----------------------------------------+


+-----------------------------------------------------+
; Post-Synthesis Netlist Statistics for Top Partition ;
+-----------------------+-----------------------------+
; Type                  ; Count                       ;
+-----------------------+-----------------------------+
; boundary_port         ; 4                           ;
; cycloneiii_ff         ; 140                         ;
;     ENA               ; 64                          ;
;     ENA SCLR          ; 14                          ;
;     SCLR              ; 46                          ;
;     plain             ; 16                          ;
; cycloneiii_lcell_comb ; 299                         ;
;     arith             ; 59                          ;
;         2 data inputs ; 58                          ;
;         3 data inputs ; 1                           ;
;     normal            ; 240                         ;
;         1 data inputs ; 6                           ;
;         2 data inputs ; 69                          ;
;         3 data inputs ; 52                          ;
;         4 data inputs ; 113                         ;
;                       ;                             ;
; Max LUT depth         ; 7.00                        ;
; Average LUT depth     ; 3.07                        ;
+-----------------------+-----------------------------+


+-------------------------------+
; Elapsed Time Per Partition    ;
+----------------+--------------+
; Partition Name ; Elapsed Time ;
+----------------+--------------+
; Top            ; 00:00:01     ;
+----------------+--------------+


+-------------------------------+
; Analysis & Synthesis Messages ;
+-------------------------------+
Info: *******************************************************************
Info: Running Quartus Prime Analysis & Synthesis
    Info: Version 25.1std.0 Build 1129 10/21/2025 SC Standard Edition
    Info: Processing started: Fri Mar 20 12:36:03 2026
Info: Command: quartus_map --read_settings_files=on --write_settings_files=off de10_lite_fpga1_wrapper -c de10_lite_fpga1_wrapper
Warning (18236): Number of processors has not been specified which may cause overloading on shared machines.  Set the global assignment NUM_PARALLEL_PROCESSORS in your QSF to an appropriate value for best performance.
Info (20030): Parallel compilation is enabled and will use 10 of the 10 processors detected
Info (12021): Found 2 design units, including 0 entities, in source file /sources/fpga_cem/fpga-dual-system/shared/rtl/dual_fpga_system_pkg.vhd
    Info (12022): Found design unit 1: dual_fpga_system_pkg File: F:/Sources/FPGA_CEM/fpga-dual-system/shared/rtl/dual_fpga_system_pkg.vhd Line: 5
    Info (12022): Found design unit 2: dual_fpga_system_pkg-body File: F:/Sources/FPGA_CEM/fpga-dual-system/shared/rtl/dual_fpga_system_pkg.vhd Line: 60
Info (12021): Found 2 design units, including 1 entities, in source file /sources/fpga_cem/fpga-dual-system/board/de10_lite/common/reset_sync.vhd
    Info (12022): Found design unit 1: reset_sync-rtl File: F:/Sources/FPGA_CEM/fpga-dual-system/board/de10_lite/common/reset_sync.vhd Line: 17
    Info (12023): Found entity 1: reset_sync File: F:/Sources/FPGA_CEM/fpga-dual-system/board/de10_lite/common/reset_sync.vhd Line: 5
Info (12021): Found 2 design units, including 0 entities, in source file /sources/fpga_cem/fpga-dual-system/fpga1_acquisition/src/pkg/fpga1_pkg.vhd
    Info (12022): Found design unit 1: fpga1_pkg File: F:/Sources/FPGA_CEM/fpga-dual-system/fpga1_acquisition/src/pkg/fpga1_pkg.vhd Line: 5
    Info (12022): Found design unit 2: fpga1_pkg-body File: F:/Sources/FPGA_CEM/fpga-dual-system/fpga1_acquisition/src/pkg/fpga1_pkg.vhd Line: 9
Info (12021): Found 2 design units, including 1 entities, in source file /sources/fpga_cem/fpga-dual-system/fpga1_acquisition/src/processing/fake_sensor_gen.vhd
    Info (12022): Found design unit 1: fake_sensor_gen-rtl File: F:/Sources/FPGA_CEM/fpga-dual-system/fpga1_acquisition/src/processing/fake_sensor_gen.vhd Line: 21
    Info (12023): Found entity 1: fake_sensor_gen File: F:/Sources/FPGA_CEM/fpga-dual-system/fpga1_acquisition/src/processing/fake_sensor_gen.vhd Line: 8
Info (12021): Found 2 design units, including 1 entities, in source file /sources/fpga_cem/fpga-dual-system/fpga1_acquisition/src/processing/sample_normalizer.vhd
    Info (12022): Found design unit 1: sample_normalizer-rtl File: F:/Sources/FPGA_CEM/fpga-dual-system/fpga1_acquisition/src/processing/sample_normalizer.vhd Line: 17
    Info (12023): Found entity 1: sample_normalizer File: F:/Sources/FPGA_CEM/fpga-dual-system/fpga1_acquisition/src/processing/sample_normalizer.vhd Line: 8
Info (12021): Found 2 design units, including 1 entities, in source file /sources/fpga_cem/fpga-dual-system/fpga1_acquisition/src/processing/sample_validator.vhd
    Info (12022): Found design unit 1: sample_validator-rtl File: F:/Sources/FPGA_CEM/fpga-dual-system/fpga1_acquisition/src/processing/sample_validator.vhd Line: 17
    Info (12023): Found entity 1: sample_validator File: F:/Sources/FPGA_CEM/fpga-dual-system/fpga1_acquisition/src/processing/sample_validator.vhd Line: 8
Info (12021): Found 2 design units, including 1 entities, in source file /sources/fpga_cem/fpga-dual-system/fpga1_acquisition/src/processing/sample_classifier.vhd
    Info (12022): Found design unit 1: sample_classifier-rtl File: F:/Sources/FPGA_CEM/fpga-dual-system/fpga1_acquisition/src/processing/sample_classifier.vhd Line: 17
    Info (12023): Found entity 1: sample_classifier File: F:/Sources/FPGA_CEM/fpga-dual-system/fpga1_acquisition/src/processing/sample_classifier.vhd Line: 8
Info (12021): Found 2 design units, including 1 entities, in source file /sources/fpga_cem/fpga-dual-system/fpga1_acquisition/src/processing/threshold_detector.vhd
    Info (12022): Found design unit 1: threshold_detector-rtl File: F:/Sources/FPGA_CEM/fpga-dual-system/fpga1_acquisition/src/processing/threshold_detector.vhd Line: 17
    Info (12023): Found entity 1: threshold_detector File: F:/Sources/FPGA_CEM/fpga-dual-system/fpga1_acquisition/src/processing/threshold_detector.vhd Line: 8
Info (12021): Found 2 design units, including 1 entities, in source file /sources/fpga_cem/fpga-dual-system/fpga1_acquisition/src/link_tx/frame_builder.vhd
    Info (12022): Found design unit 1: frame_builder-rtl File: F:/Sources/FPGA_CEM/fpga-dual-system/fpga1_acquisition/src/link_tx/frame_builder.vhd Line: 23
    Info (12023): Found entity 1: frame_builder File: F:/Sources/FPGA_CEM/fpga-dual-system/fpga1_acquisition/src/link_tx/frame_builder.vhd Line: 8
Info (12021): Found 2 design units, including 1 entities, in source file /sources/fpga_cem/fpga-dual-system/fpga1_acquisition/src/link_tx/uart_tx.vhd
    Info (12022): Found design unit 1: uart_tx-rtl File: F:/Sources/FPGA_CEM/fpga-dual-system/fpga1_acquisition/src/link_tx/uart_tx.vhd Line: 23
    Info (12023): Found entity 1: uart_tx File: F:/Sources/FPGA_CEM/fpga-dual-system/fpga1_acquisition/src/link_tx/uart_tx.vhd Line: 8
Info (12021): Found 2 design units, including 1 entities, in source file /sources/fpga_cem/fpga-dual-system/fpga1_acquisition/src/top/fpga1_top.vhd
    Info (12022): Found design unit 1: fpga1_top-rtl File: F:/Sources/FPGA_CEM/fpga-dual-system/fpga1_acquisition/src/top/fpga1_top.vhd Line: 25
    Info (12023): Found entity 1: fpga1_top File: F:/Sources/FPGA_CEM/fpga-dual-system/fpga1_acquisition/src/top/fpga1_top.vhd Line: 9
Info (12021): Found 2 design units, including 1 entities, in source file /sources/fpga_cem/fpga-dual-system/board/de10_lite/fpga1/de10_lite_fpga1_wrapper.vhd
    Info (12022): Found design unit 1: de10_lite_fpga1_wrapper-rtl File: F:/Sources/FPGA_CEM/fpga-dual-system/board/de10_lite/fpga1/de10_lite_fpga1_wrapper.vhd Line: 26
    Info (12023): Found entity 1: de10_lite_fpga1_wrapper File: F:/Sources/FPGA_CEM/fpga-dual-system/board/de10_lite/fpga1/de10_lite_fpga1_wrapper.vhd Line: 5
Info (12127): Elaborating entity "de10_lite_fpga1_wrapper" for the top level hierarchy
Info (12128): Elaborating entity "reset_sync" for hierarchy "reset_sync:u_reset_sync" File: F:/Sources/FPGA_CEM/fpga-dual-system/board/de10_lite/fpga1/de10_lite_fpga1_wrapper.vhd Line: 29
Info (12128): Elaborating entity "fpga1_top" for hierarchy "fpga1_top:u_core" File: F:/Sources/FPGA_CEM/fpga-dual-system/board/de10_lite/fpga1/de10_lite_fpga1_wrapper.vhd Line: 40
Info (12128): Elaborating entity "fake_sensor_gen" for hierarchy "fpga1_top:u_core|fake_sensor_gen:u_fake_sensor_gen" File: F:/Sources/FPGA_CEM/fpga-dual-system/fpga1_acquisition/src/top/fpga1_top.vhd Line: 58
Info (12128): Elaborating entity "sample_normalizer" for hierarchy "fpga1_top:u_core|sample_normalizer:u_sample_normalizer" File: F:/Sources/FPGA_CEM/fpga-dual-system/fpga1_acquisition/src/top/fpga1_top.vhd Line: 70
Info (12128): Elaborating entity "sample_validator" for hierarchy "fpga1_top:u_core|sample_validator:u_sample_validator" File: F:/Sources/FPGA_CEM/fpga-dual-system/fpga1_acquisition/src/top/fpga1_top.vhd Line: 78
Info (12128): Elaborating entity "sample_classifier" for hierarchy "fpga1_top:u_core|sample_classifier:u_sample_classifier" File: F:/Sources/FPGA_CEM/fpga-dual-system/fpga1_acquisition/src/top/fpga1_top.vhd Line: 86
Info (12128): Elaborating entity "frame_builder" for hierarchy "fpga1_top:u_core|frame_builder:u_frame_builder" File: F:/Sources/FPGA_CEM/fpga-dual-system/fpga1_acquisition/src/top/fpga1_top.vhd Line: 94
Info (12128): Elaborating entity "uart_tx" for hierarchy "fpga1_top:u_core|uart_tx:u_uart_tx" File: F:/Sources/FPGA_CEM/fpga-dual-system/fpga1_acquisition/src/top/fpga1_top.vhd Line: 108
Info (286030): Timing-Driven Synthesis is running
Info (16010): Generating hard_block partition "hard_block:auto_generated_inst"
    Info (16011): Adding 0 node(s), including 0 DDIO, 0 PLL, 0 transceiver and 0 LCELL
Info (21057): Implemented 305 device resources after synthesis - the final resource count might be different
    Info (21058): Implemented 2 input pins
    Info (21059): Implemented 2 output pins
    Info (21061): Implemented 301 logic cells
Info: Quartus Prime Analysis & Synthesis was successful. 0 errors, 1 warning
    Info: Peak virtual memory: 4932 megabytes
    Info: Processing ended: Fri Mar 20 12:36:14 2026
    Info: Elapsed time: 00:00:11
    Info: Total CPU time (on all processors): 00:00:25


